hi
5
s
s
============== Graph Print ===============
	Stats: 	1	1	0

Nodes:
Node (0) : hi

Edges:
There aren't any edges in this graph.
============ End Graph Print =============
Hi!!!
1
