============== Graph Print ===============
	Stats: 	4	3	3

Nodes:
Node (0) : h --- Node (1) : e --- Node (2) : l


Edges:
[(2) : l] ---(5)---> [(1) : e]
[(2) : l] ---(16)---> [(0) : h]
[(1) : e] ---(7)---> [(2) : l]
[(1) : e] ---(9)---> [(0) : h]
[(0) : h] ---(6)---> [(1) : e]
[(0) : h] ---(6)---> [(2) : l]
============ End Graph Print =============
