******************
Loading ...
Make
Some
Noise
Executed Completely
*******************
