============== Graph Print ===============
	Stats: 	4	4	4

Nodes:
Node (0) : h --- Node (1) : e --- Node (2) : l
Node (3) : o

Edges:
[(0) : h] ---(1)---> [(1) : e]
[(0) : h] ---(1)---> [(2) : l]
[(0) : h] ---(1)---> [(3) : o]
[(1) : e] ---(1)---> [(0) : h]
[(1) : e] ---(1)---> [(3) : o]
[(1) : e] ---(1)---> [(2) : l]
[(2) : l] ---(1)---> [(0) : h]
[(2) : l] ---(1)---> [(1) : e]
[(2) : l] ---(1)---> [(3) : o]
[(3) : o] ---(1)---> [(0) : h]
[(3) : o] ---(1)---> [(1) : e]
[(3) : o] ---(1)---> [(2) : l]
============ End Graph Print =============
