******************
Loading ...
 Make
 Make Some
 Make Some Noise
Executed Completely
*******************
