============== Graph Print ===============
	Stats: 	4	4	4

Nodes:
Node (0) : Adam --- Node (1) : James --- Node (2) : Tank
Node (3) : Jack

Edges:
[(0) : Adam] ---(1)---> [(1) : James]
[(1) : James] ---(1)---> [(2) : Tank]
[(2) : Tank] ---(1)---> [(3) : Jack]
[(3) : Jack] ---(1)---> [(0) : Adam]
============ End Graph Print =============
